// Jest Snapshot v1, https://goo.gl/fbAQLP

exports[`Menu renders 1`] = `
ShallowWrapper {
  "complexSelector": ComplexSelector {
    "buildPredicate": [Function],
    "childrenOfNode": [Function],
    "findWhereUnwrapped": [Function],
  },
  "length": 1,
  "node": <div
    className="menu"
>
    <div
        className="menu-title"
    >
        Options
    </div>
    <div
        className="menu-content"
    >
        <form
            className="form-horizontal"
        >
            <h4
                className="menu-subtitle"
            >
                Group By
            </h4>
            <div
                className="form-group"
            >
                <div
                    className="radio"
                >
                    <label>
                        <input
                            checked={true}
                            name="groupOptions"
                            onChange={[Function]}
                            type="radio"
                            value="movieId"
                        />
                        <span
                            className="circle"
                        />
                        <span
                            className="check"
                        />
                        <span
                            className="text"
                        >
                            Movie
                        </span>
                    </label>
                </div>
                <div
                    className="radio"
                >
                    <label>
                        <input
                            checked={false}
                            name="groupOptions"
                            onChange={[Function]}
                            type="radio"
                            value="languageCode"
                        />
                        <span
                            className="circle"
                        />
                        <span
                            className="check"
                        />
                        <span
                            className="text"
                        >
                            Language
                        </span>
                    </label>
                </div>
            </div>
        </form>
    </div>
</div>,
  "nodes": Array [
    <div
      className="menu"
>
      <div
            className="menu-title"
      >
            Options
      </div>
      <div
            className="menu-content"
      >
            <form
                  className="form-horizontal"
            >
                  <h4
                        className="menu-subtitle"
                  >
                        Group By
                  </h4>
                  <div
                        className="form-group"
                  >
                        <div
                              className="radio"
                        >
                              <label>
                                    <input
                                          checked={true}
                                          name="groupOptions"
                                          onChange={[Function]}
                                          type="radio"
                                          value="movieId"
                                    />
                                    <span
                                          className="circle"
                                    />
                                    <span
                                          className="check"
                                    />
                                    <span
                                          className="text"
                                    >
                                          Movie
                                    </span>
                              </label>
                        </div>
                        <div
                              className="radio"
                        >
                              <label>
                                    <input
                                          checked={false}
                                          name="groupOptions"
                                          onChange={[Function]}
                                          type="radio"
                                          value="languageCode"
                                    />
                                    <span
                                          className="circle"
                                    />
                                    <span
                                          className="check"
                                    />
                                    <span
                                          className="text"
                                    >
                                          Language
                                    </span>
                              </label>
                        </div>
                  </div>
            </form>
      </div>
</div>,
  ],
  "options": Object {},
  "renderer": ReactShallowRenderer {
    "_instance": ShallowComponentWrapper {
      "_calledComponentWillUnmount": false,
      "_compositeType": 0,
      "_context": Object {},
      "_currentElement": <Menu
        groupedBy="movieId"
        onGroupByChange={[Function]}
/>,
      "_debugID": 1,
      "_hostContainerInfo": null,
      "_hostParent": null,
      "_instance": Menu {
        "_onChange": [Function],
        "_reactInternalInstance": [Circular],
        "_renderRadio": [Function],
        "context": Object {},
        "props": Object {
          "groupedBy": "movieId",
          "onGroupByChange": [Function],
        },
        "refs": Object {},
        "state": null,
        "updater": Object {
          "enqueueCallback": [Function],
          "enqueueCallbackInternal": [Function],
          "enqueueElementInternal": [Function],
          "enqueueForceUpdate": [Function],
          "enqueueReplaceState": [Function],
          "enqueueSetState": [Function],
          "isMounted": [Function],
          "validateCallback": [Function],
        },
      },
      "_mountOrder": 1,
      "_pendingCallbacks": null,
      "_pendingElement": null,
      "_pendingForceUpdate": false,
      "_pendingReplaceState": false,
      "_pendingStateQueue": null,
      "_renderedComponent": NoopInternalComponent {
        "_currentElement": <div
          className="menu"
>
          <div
                    className="menu-title"
          >
                    Options
          </div>
          <div
                    className="menu-content"
          >
                    <form
                              className="form-horizontal"
                    >
                              <h4
                                        className="menu-subtitle"
                              >
                                        Group By
                              </h4>
                              <div
                                        className="form-group"
                              >
                                        <div
                                                  className="radio"
                                        >
                                                  <label>
                                                            <input
                                                                      checked={true}
                                                                      name="groupOptions"
                                                                      onChange={[Function]}
                                                                      type="radio"
                                                                      value="movieId"
                                                            />
                                                            <span
                                                                      className="circle"
                                                            />
                                                            <span
                                                                      className="check"
                                                            />
                                                            <span
                                                                      className="text"
                                                            >
                                                                      Movie
                                                            </span>
                                                  </label>
                                        </div>
                                        <div
                                                  className="radio"
                                        >
                                                  <label>
                                                            <input
                                                                      checked={false}
                                                                      name="groupOptions"
                                                                      onChange={[Function]}
                                                                      type="radio"
                                                                      value="languageCode"
                                                            />
                                                            <span
                                                                      className="circle"
                                                            />
                                                            <span
                                                                      className="check"
                                                            />
                                                            <span
                                                                      className="text"
                                                            >
                                                                      Language
                                                            </span>
                                                  </label>
                                        </div>
                              </div>
                    </form>
          </div>
</div>,
        "_debugID": 2,
        "_renderedOutput": <div
          className="menu"
>
          <div
                    className="menu-title"
          >
                    Options
          </div>
          <div
                    className="menu-content"
          >
                    <form
                              className="form-horizontal"
                    >
                              <h4
                                        className="menu-subtitle"
                              >
                                        Group By
                              </h4>
                              <div
                                        className="form-group"
                              >
                                        <div
                                                  className="radio"
                                        >
                                                  <label>
                                                            <input
                                                                      checked={true}
                                                                      name="groupOptions"
                                                                      onChange={[Function]}
                                                                      type="radio"
                                                                      value="movieId"
                                                            />
                                                            <span
                                                                      className="circle"
                                                            />
                                                            <span
                                                                      className="check"
                                                            />
                                                            <span
                                                                      className="text"
                                                            >
                                                                      Movie
                                                            </span>
                                                  </label>
                                        </div>
                                        <div
                                                  className="radio"
                                        >
                                                  <label>
                                                            <input
                                                                      checked={false}
                                                                      name="groupOptions"
                                                                      onChange={[Function]}
                                                                      type="radio"
                                                                      value="languageCode"
                                                            />
                                                            <span
                                                                      className="circle"
                                                            />
                                                            <span
                                                                      className="check"
                                                            />
                                                            <span
                                                                      className="text"
                                                            >
                                                                      Language
                                                            </span>
                                                  </label>
                                        </div>
                              </div>
                    </form>
          </div>
</div>,
      },
      "_renderedNodeType": 0,
      "_rootNodeID": 0,
      "_topLevelWrapper": null,
      "_updateBatchNumber": null,
      "_warnedAboutRefsInRender": false,
    },
    "getRenderOutput": [Function],
    "render": [Function],
  },
  "root": [Circular],
  "unrendered": <Menu
    groupedBy="movieId"
    onGroupByChange={[Function]}
/>,
}
`;
