// Jest Snapshot v1, https://goo.gl/fbAQLP

exports[`Movie renders with an entry 1`] = `
ShallowWrapper {
  "complexSelector": ComplexSelector {
    "buildPredicate": [Function],
    "childrenOfNode": [Function],
    "findWhereUnwrapped": [Function],
  },
  "length": 1,
  "node": <div
    className="movie"
>
    <div
        className="movie-title"
    >
        Orange Is the New Black
    </div>
    <div
        className="small-thumbnails"
    >
        <SmallThumbnail
            data={
                Object {
                    "fullSizeImageUrl": "http://art.nflximg.net/78bc7/198343ed941f178d54878aa366a122e4e2e78bc7.jpg",
                    "imageType": "sdp",
                    "languageCode": "it",
                    "movieId": 70242311,
                    "movieName": "Orange Is the New Black",
                    "thumbnailUrl": "http://art.nflximg.net/673e9/b39fcc29b2ac668ee01343de9f21f611c8f673e9.jpg",
                  }
            }
            onClick={[Function]}
        />
    </div>
</div>,
  "nodes": Array [
    <div
      className="movie"
>
      <div
            className="movie-title"
      >
            Orange Is the New Black
      </div>
      <div
            className="small-thumbnails"
      >
            <SmallThumbnail
                  data={
                        Object {
                              "fullSizeImageUrl": "http://art.nflximg.net/78bc7/198343ed941f178d54878aa366a122e4e2e78bc7.jpg",
                              "imageType": "sdp",
                              "languageCode": "it",
                              "movieId": 70242311,
                              "movieName": "Orange Is the New Black",
                              "thumbnailUrl": "http://art.nflximg.net/673e9/b39fcc29b2ac668ee01343de9f21f611c8f673e9.jpg",
                            }
                  }
                  onClick={[Function]}
            />
      </div>
</div>,
  ],
  "options": Object {},
  "renderer": ReactShallowRenderer {
    "_instance": ShallowComponentWrapper {
      "_calledComponentWillUnmount": false,
      "_compositeType": 2,
      "_context": Object {},
      "_currentElement": <Movie
        entries={
                Array [
                        Object {
                          "fullSizeImageUrl": "http://art.nflximg.net/78bc7/198343ed941f178d54878aa366a122e4e2e78bc7.jpg",
                          "imageType": "sdp",
                          "languageCode": "it",
                          "movieId": 70242311,
                          "movieName": "Orange Is the New Black",
                          "thumbnailUrl": "http://art.nflximg.net/673e9/b39fcc29b2ac668ee01343de9f21f611c8f673e9.jpg",
                        },
                      ]
        }
        groupedBy="movieId"
        onThumbnailClicked={[Function]}
/>,
      "_debugID": 1,
      "_hostContainerInfo": null,
      "_hostParent": null,
      "_instance": StatelessComponent {
        "_reactInternalInstance": [Circular],
        "context": Object {},
        "props": Object {
          "entries": Array [
            Object {
              "fullSizeImageUrl": "http://art.nflximg.net/78bc7/198343ed941f178d54878aa366a122e4e2e78bc7.jpg",
              "imageType": "sdp",
              "languageCode": "it",
              "movieId": 70242311,
              "movieName": "Orange Is the New Black",
              "thumbnailUrl": "http://art.nflximg.net/673e9/b39fcc29b2ac668ee01343de9f21f611c8f673e9.jpg",
            },
          ],
          "groupedBy": "movieId",
          "onThumbnailClicked": [Function],
        },
        "refs": Object {},
        "state": null,
        "updater": Object {
          "enqueueCallback": [Function],
          "enqueueCallbackInternal": [Function],
          "enqueueElementInternal": [Function],
          "enqueueForceUpdate": [Function],
          "enqueueReplaceState": [Function],
          "enqueueSetState": [Function],
          "isMounted": [Function],
          "validateCallback": [Function],
        },
      },
      "_mountOrder": 1,
      "_pendingCallbacks": null,
      "_pendingElement": null,
      "_pendingForceUpdate": false,
      "_pendingReplaceState": false,
      "_pendingStateQueue": null,
      "_renderedComponent": NoopInternalComponent {
        "_currentElement": <div
          className="movie"
>
          <div
                    className="movie-title"
          >
                    Orange Is the New Black
          </div>
          <div
                    className="small-thumbnails"
          >
                    <SmallThumbnail
                              data={
                                        Object {
                                                  "fullSizeImageUrl": "http://art.nflximg.net/78bc7/198343ed941f178d54878aa366a122e4e2e78bc7.jpg",
                                                  "imageType": "sdp",
                                                  "languageCode": "it",
                                                  "movieId": 70242311,
                                                  "movieName": "Orange Is the New Black",
                                                  "thumbnailUrl": "http://art.nflximg.net/673e9/b39fcc29b2ac668ee01343de9f21f611c8f673e9.jpg",
                                                }
                              }
                              onClick={[Function]}
                    />
          </div>
</div>,
        "_debugID": 2,
        "_renderedOutput": <div
          className="movie"
>
          <div
                    className="movie-title"
          >
                    Orange Is the New Black
          </div>
          <div
                    className="small-thumbnails"
          >
                    <SmallThumbnail
                              data={
                                        Object {
                                                  "fullSizeImageUrl": "http://art.nflximg.net/78bc7/198343ed941f178d54878aa366a122e4e2e78bc7.jpg",
                                                  "imageType": "sdp",
                                                  "languageCode": "it",
                                                  "movieId": 70242311,
                                                  "movieName": "Orange Is the New Black",
                                                  "thumbnailUrl": "http://art.nflximg.net/673e9/b39fcc29b2ac668ee01343de9f21f611c8f673e9.jpg",
                                                }
                              }
                              onClick={[Function]}
                    />
          </div>
</div>,
      },
      "_renderedNodeType": 0,
      "_rootNodeID": 0,
      "_topLevelWrapper": null,
      "_updateBatchNumber": null,
      "_warnedAboutRefsInRender": false,
    },
    "getRenderOutput": [Function],
    "render": [Function],
  },
  "root": [Circular],
  "unrendered": <Movie
    entries={
        Array [
            Object {
              "fullSizeImageUrl": "http://art.nflximg.net/78bc7/198343ed941f178d54878aa366a122e4e2e78bc7.jpg",
              "imageType": "sdp",
              "languageCode": "it",
              "movieId": 70242311,
              "movieName": "Orange Is the New Black",
              "thumbnailUrl": "http://art.nflximg.net/673e9/b39fcc29b2ac668ee01343de9f21f611c8f673e9.jpg",
            },
          ]
    }
    groupedBy="movieId"
    onThumbnailClicked={[Function]}
/>,
}
`;
